// Jest Snapshot v1, https://goo.gl/fbAQLP

exports[`schema [{"version":"1","rules":[{"base":"master","upstream":"upstream:master","mergeMethod":""}]}] is invalid 1`] = `"ValidationError: \\"value\\" must be of type object"`;

exports[`schema [{"version":"1","rules":[{"base":"master","upstream":"upstream:master","mergeMethod":"invalid"}]}] is invalid 1`] = `"ValidationError: \\"value\\" must be of type object"`;

exports[`schema [{"version":"1","rules":[{"base":"master","upstream":"upstream:master","mergeMethod":true}]}] is invalid 1`] = `"ValidationError: \\"value\\" must be of type object"`;

exports[`schema {"rules":{}} is invalid 1`] = `"ValidationError: \\"version\\" is required"`;

exports[`schema {"version":""} is invalid 1`] = `"ValidationError: \\"version\\" is not allowed to be empty"`;

exports[`schema {"version":"1","rules":[]} is invalid 1`] = `"ValidationError: \\"rules\\" does not contain 1 required value(s)"`;

exports[`schema {"version":"1","rules":[{"base":"master","autoMerge":""}]} is invalid 1`] = `"ValidationError: \\"rules[0].upstream\\" is required"`;

exports[`schema {"version":"1","rules":[{"base":"master","autoMerge":1}]} is invalid 1`] = `"ValidationError: \\"rules[0].upstream\\" is required"`;

exports[`schema {"version":"1","rules":[{"base":"master","upstream":""}]} is invalid 1`] = `"ValidationError: \\"rules[0].upstream\\" is not allowed to be empty"`;

exports[`schema {"version":"1","rules":[{"base":"master","upstream":"upstream:master","assignees":""}]} is invalid 1`] = `"ValidationError: \\"rules[0].assignees\\" must be an array"`;

exports[`schema {"version":"1","rules":[{"base":"master","upstream":"upstream:master","autoMerge":true,"autoMergeHardReset":""}]} is invalid 1`] = `"ValidationError: \\"rules[0].autoMergeHardReset\\" must be a boolean"`;

exports[`schema {"version":"1","rules":[{"base":"master","upstream":"upstream:master","autoMerge":true,"autoMergeHardReset":1}]} is invalid 1`] = `"ValidationError: \\"rules[0].autoMergeHardReset\\" must be a boolean"`;

exports[`schema {"version":"1","rules":[{"base":"master","upstream":"upstream:master","reviewers":"","conflictReviewers":""}]} is invalid 1`] = `"ValidationError: \\"rules[0].reviewers\\" must be an array"`;

exports[`schema {"version":"1","rules":[{"base":"master","upstream":"upstream:master","reviewers":""}]} is invalid 1`] = `"ValidationError: \\"rules[0].reviewers\\" must be an array"`;

exports[`schema {"version":"1","rules":[{"base":"master","upstream":"upstream:master"}],"label":""} is invalid 1`] = `"ValidationError: \\"label\\" is not allowed to be empty"`;

exports[`schema {"version":"1","rules":[{"base":"master","upstream":"upstream:master"}],"label":1} is invalid 1`] = `"ValidationError: \\"label\\" must be a string"`;

exports[`schema {"version":"1","rules":[{"base":"master"}]} is invalid 1`] = `"ValidationError: \\"rules[0].upstream\\" is required"`;

exports[`schema {"version":"1"} is invalid 1`] = `"ValidationError: \\"rules\\" is required"`;

exports[`schema {"version":1,"rules":[{"base":"master","upstream":"upstream:master"}]} is invalid 1`] = `"ValidationError: \\"version\\" must be a string"`;

exports[`schema {} is invalid 1`] = `"ValidationError: \\"version\\" is required"`;
